// Snapshot v1

exports[`@wdio/visual-service:ocr desktop > should get text of an image based on OCR 1`] = `
"
Next-gen browser and mobile automation
test framework for Node.js
	"
`;

exports[`@wdio/visual-service:ocr desktop > should get the position of a text on the screen based on OCR 1`] = `
{
  "dprPosition": {
    "bottom": 114,
    "left": 1192,
    "right": 1329,
    "top": 97,
  },
  "matchedString": "Q Search LJKJ",
  "originalPosition": {
    "bottom": 114,
    "left": 1192,
    "right": 1329,
    "top": 97,
  },
  "score": 89.54,
  "searchValue": "Search",
}
`;
