// Snapshot v1

exports[`@wdio/visual-service:ocr desktop > should get text of an image based on OCR 1`] = `
"
Next-gen browser and mobile automation
test framework for Node.js
	"
`;

exports[`@wdio/visual-service:ocr desktop > should get the position of matching text on the screen based on OCR 1`] = `
{
  "dprPosition": {
    "bottom": 110,
    "left": 1213,
    "right": 1274,
    "top": 97,
  },
  "filePath": "/Users/wimselles/Git/wdio/visual-testing/.tmp/ocr/desktop-1713423200306.png",
  "matchedString": "Search",
  "originalPosition": {
    "bottom": 110,
    "left": 1213,
    "right": 1274,
    "top": 97,
  },
  "score": 100,
  "searchValue": "Search",
}
`;
